[spam5014.wixsite.com/test.html]
[static.parastorage.com/unpkg/core-js-bundle@3.2.1/minified.js]
[static.parastorage.com/unpkg/focus-within-polyfill@5.0.9/dist/focus-within-polyfill.js]
[backblue.gif]
[fade.gif]
[index.html]
[polyfill.io/v3/polyfill.mind82c.js]
[browser.sentry-cdn.com/6.18.2/bundle.min.js]
[spam5014.wixsite.com/decodeURIComponent(e]
[spam5014.wixsite.com/sitemap.xml]
[spam5014.wixsite.com/feed.xml]
[static.parastorage.com/services/wix-thunderbolt/dist/bootstrap-features.394138e5.bundle.min.js]
[static.parastorage.com/services/wix-thunderbolt/dist/main.63b344ca.bundle.min.js]
[static.parastorage.com/unpkg/lodash@4.17.21/lodash.min.js]
[static.parastorage.com/unpkg/react@16.13.1/umd/react.production.min.js]
[static.parastorage.com/services/tag-manager-client/1.427.0/siteTags.bundle.min.js]
[static.parastorage.com/services/wix-perf-measure/1.741.0/wix-perf-measure.bundle.min.js]
[static.parastorage.com/unpkg/react-dom@16.13.1/umd/react-dom.production.min.js]
[spam5014.wixsite.com/5b26625f.min.css]
[spam5014.wixsite.com/8a3174ea.min.css]
[spam5014.wixsite.com/index.html]
[spam5014.wixsite.com/version/index.html]
[spam5014.wixsite.com/5fbcb901.chunk.min.11.delayed]
[spam5014.wixsite.com/rb_wixui.thunderbolt_bootstrap-classic.afb16b0a.chunk.min.js]
[spam5014.wixsite.com/rb_wixui.thunderbolt_bootstrap.7c1e0d7b.chunk.min.css]
[spam5014.wixsite.com/rb_wixui.thunderbolt_bootstrap.5fbcb901.chunk.min.js]
[static.wixstatic.com/media/c837a6_a2c6581a49ff4d31ba3bb448eb0e6b99_mv2.jpg/v1/crop/x_0,y_894,w_3744,h_4054/fill/w_172,h_187,al_c,q_80,usm_0.66_1.00_0.01,blur_2,enc_auto/GettyImages-919176440.jpg]
[static.wixstatic.com/media/70dad6_732daf0fc99640b0a16382625739c50b_mv2.png/v1/fill/w_24,h_24,al_c,usm_0.66_1.00_0.01,blur_3,enc_auto/70dad6_732daf0fc99640b0a16382625739c50b_mv2.png]
[static.wixstatic.com/media/aa0402eb9ba2430d9d0620b59556efca.png/v1/fill/w_24,h_24,al_c,usm_0.66_1.00_0.01,blur_3,enc_auto/aa0402eb9ba2430d9d0620b59556efca.png]
[static.wixstatic.com/media/70dad6_5a4a151b9f024fc5b26b410f5acfdf14_mv2.png/v1/fill/w_24,h_24,al_c,usm_0.66_1.00_0.01,blur_3,enc_auto/70dad6_5a4a151b9f024fc5b26b410f5acfdf14_mv2.png]
[spam5014.wixsite.com/test.html]
[spam5014.wixsite.com/decodeURIComponent(e.html]
[spam5014.wixsite.com/sitemap.html]
[spam5014.wixsite.com/feed.html]
[spam5014.wixsite.com/index.html]
[spam5014.wixsite.com/version/index.html]
[spam5014.wixsite.com/5b26625f.min.html]
[spam5014.wixsite.com/8a3174ea.min.html]
[spam5014.wixsite.com/5fbcb901.chunk.min.html]
[spam5014.wixsite.com/rb_wixui.thunderbolt_bootstrap-classic.afb16b0a.chunk.min.html]
[spam5014.wixsite.com/rb_wixui.thunderbolt_bootstrap.7c1e0d7b.chunk.min.html]
[spam5014.wixsite.com/rb_wixui.thunderbolt_bootstrap.5fbcb901.chunk.min.html]
[spam5014.wixsite.com/test/about-5.html]
[spam5014.wixsite.com/test/decodeURIComponent(e]
[spam5014.wixsite.com/test/robots.txt]
[spam5014.wixsite.com/test/sitemap.xml]
[spam5014.wixsite.com/test/feed.xml]
[spam5014.wixsite.com/test/5b26625f.min.css]
[spam5014.wixsite.com/test/5fbcb901.chunk.min.js]
[spam5014.wixsite.com/test/rb_wixui.thunderbolt_bootstrap-classic.afb16b0a.chunk.min.js]
[spam5014.wixsite.com/test/version/index.html]
[spam5014.wixsite.com/test/rb_wixui.thunderbolt_bootstrap.7c1e0d7b.chunk.min.21.delayed]
[spam5014.wixsite.com/test/rb_wixui.thunderbolt_bootstrap.5fbcb901.chunk.min.js]
[static.wixstatic.com/media/a3c153_d272d21cf9724e17be9e01ffe7173b88_mv2.jpg/v1/fill/w_129,h_97,al_c,q_80,usm_0.66_1.00_0.01,blur_2,enc_auto/a3c153_d272d21cf9724e17be9e01ffe7173b88_mv2.jpg]
[spam5014.wixsite.com/test/about-5.html]
[spam5014.wixsite.com/test/decodeURIComponent(e.html]
[spam5014.wixsite.com/test/robots.html]
[spam5014.wixsite.com/test/feed.html]
[spam5014.wixsite.com/test/version/index.html]
[spam5014.wixsite.com/test/5b26625f.min.html]
[spam5014.wixsite.com/test/5fbcb901.chunk.min.html]
[spam5014.wixsite.com/test/rb_wixui.thunderbolt_bootstrap-classic.afb16b0a.chunk.min.html]
[spam5014.wixsite.com/test/rb_wixui.thunderbolt_bootstrap.7c1e0d7b.chunk.min.html]
[spam5014.wixsite.com/test/rb_wixui.thunderbolt_bootstrap.5fbcb901.chunk.min.html]
